// Vitest Snapshot v1, https://vitest.dev/guide/snapshot.html

exports[`Card > renders 1`] = `
<div>
  <div
    class="MuiPaper-root MuiPaper-elevation MuiPaper-rounded MuiPaper-elevation1 MuiCard-root css-nv68gf-MuiPaper-root-MuiCard-root"
    style="--Paper-shadow: 0px 2px 1px -1px rgba(0,0,0,0.2),0px 1px 1px 0px rgba(0,0,0,0.14),0px 1px 3px 0px rgba(0,0,0,0.12);"
  >
    <div
      class="MuiCardHeader-root css-185gdzj-MuiCardHeader-root"
    >
      <div
        class="MuiCardHeader-content css-1dpseql-MuiCardHeader-content"
      >
        <span
          class="MuiTypography-root MuiTypography-h5 MuiCardHeader-title css-ku7d13-MuiTypography-root"
        >
          Airedale Terrier
        </span>
        <span
          class="MuiTypography-root MuiTypography-body1 MuiCardHeader-subheader css-s619mj-MuiTypography-root"
        >
          Terrier
        </span>
      </div>
      <div
        class="MuiCardHeader-action css-sgoict-MuiCardHeader-action"
      >
        <button
          aria-label="add to favorites"
          class="MuiButtonBase-root MuiIconButton-root MuiIconButton-sizeMedium css-1wjzr1s-MuiButtonBase-root-MuiIconButton-root"
          tabindex="0"
          type="button"
        >
          <svg
            aria-hidden="true"
            class="MuiSvgIcon-root MuiSvgIcon-fontSizeMedium css-gr4rxj-MuiSvgIcon-root"
            data-testid="FavoriteIcon"
            focusable="false"
            viewBox="0 0 24 24"
          >
            <path
              d="m12 21.35-1.45-1.32C5.4 15.36 2 12.28 2 8.5 2 5.42 4.42 3 7.5 3c1.74 0 3.41.81 4.5 2.09C13.09 3.81 14.76 3 16.5 3 19.58 3 22 5.42 22 8.5c0 3.78-3.4 6.86-8.55 11.54z"
            />
          </svg>
        </button>
      </div>
    </div>
    <img
      alt="Airedale Terrier"
      class="MuiCardMedia-root MuiCardMedia-media MuiCardMedia-img css-squjdq-MuiCardMedia-root"
      src="https://cdn2.thedogapi.com/images/1-7cgoZSh.jpg"
    />
    <div
      class="MuiCardContent-root css-46bh2p-MuiCardContent-root"
    >
      <p
        class="MuiTypography-root MuiTypography-body2 css-atovpb-MuiTypography-root"
      >
        Breed for: 
        <strong>
          Badger, otter hunting
        </strong>
        .
      </p>
      <p
        class="MuiTypography-root MuiTypography-body2 css-atovpb-MuiTypography-root"
      >
        Life expectancy: 
        <strong>
          10 - 13 years
        </strong>
        .
      </p>
      <p
        class="MuiTypography-root MuiTypography-body2 css-atovpb-MuiTypography-root"
      >
        Average weight: 
        <strong>
          18 - 29
           kgs
        </strong>
        .
      </p>
      <p
        class="MuiTypography-root MuiTypography-body2 css-atovpb-MuiTypography-root"
      >
        Average height: 
        <strong>
          53 - 58
           cms
        </strong>
        .
      </p>
      <p
        class="MuiTypography-root MuiTypography-body2 css-atovpb-MuiTypography-root"
      >
        Temperament: 
        <strong>
          Outgoing, Friendly, Alert, Confident, Intelligent, Courageous
        </strong>
        .
      </p>
    </div>
  </div>
</div>
`;
